<?xml version="1.0" encoding="utf-8" standalone="no"?>
<xsl:stylesheet xmlns:xsl="http://www.w3.org/1999/XSL/Transform" version="1.0">

  <xsl:output method="html"/>

  <xsl:template match="/"><xsl:param name="address"/><xsl:param name="realaddress"/><xsl:param name="node"/>

    <xsl:call-template name="gen:newline"/><xsl:element name="xsl:value-of"><xsl:attribute name="select"><xsl:apply-templates select="." mode="gen:object-uri"><xsl:with-param name="address" select="$address"/><xsl:with-param name="realaddress" select="$realaddress"/><xsl:with-param name="node" select="$node"/></xsl:apply-templates><xsl:text>/</xsl:text>item</xsl:attribute></xsl:element>
    <xsl:call-template name="gen:newline"/><xsl:element name="xsl:value-of"><xsl:attribute name="select">$var</xsl:attribute></xsl:element>

    <xsl:call-template name="gen:newline"/><xsl:element name="xsl:value-of"><xsl:attribute name="select">concat( '', <xsl:apply-templates select="." mode="gen:object-uri"><xsl:with-param name="address" select="$address"/><xsl:with-param name="realaddress" select="$realaddress"/><xsl:with-param name="node" select="$node"/></xsl:apply-templates><xsl:text>/</xsl:text>item)</xsl:attribute></xsl:element>
    <xsl:call-template name="gen:newline"/><xsl:element name="xsl:value-of"><xsl:attribute name="select">concat( '', $var)</xsl:attribute></xsl:element>

      
    <xsl:call-template name="gen:newline"/><xsl:element name="xsl:if"><xsl:attribute name="test">'a' = $var</xsl:attribute></xsl:element>
    <xsl:call-template name="gen:newline"/><xsl:element name="xsl:if"><xsl:attribute name="test">'a' = <xsl:apply-templates select="." mode="gen:object-uri"><xsl:with-param name="address" select="$address"/><xsl:with-param name="realaddress" select="$realaddress"/><xsl:with-param name="node" select="$node"/></xsl:apply-templates><xsl:text>/</xsl:text>item</xsl:attribute></xsl:element>

    <xsl:call-template name="gen:newline"/><xsl:element name="xsl:if"><xsl:attribute name="test"><xsl:apply-templates select="." mode="gen:object-uri"><xsl:with-param name="address" select="$address"/><xsl:with-param name="realaddress" select="$realaddress"/><xsl:with-param name="node" select="$node"/></xsl:apply-templates><xsl:text>/</xsl:text>item = 'a'</xsl:attribute></xsl:element>
    <xsl:call-template name="gen:newline"/><xsl:element name="xsl:if"><xsl:attribute name="test">$var = 'a'</xsl:attribute></xsl:element>
      

  </xsl:template>

</xsl:stylesheet>
