<?xml version="1.0" encoding="utf-8" standalone="no"?>
<xsl:stylesheet xmlns:xitec="xitec.dtd" xmlns:xsl="http://www.w3.org/1999/XSL/Transform" version="1.0">

  <xsl:output method="html"/>

  <xsl:template match="/"><xsl:param name="address"/><xsl:param name="realaddress"/><xsl:param name="node"/>

    [xitec:mode=doc]

    doc 
    
    1 will be copied
    <xsl:value-of select="node"/>
    
    2 will be generated with path
    <xsl:call-template name="gen:newline"/><xsl:element name="xsl:value-of"><xsl:attribute name="select"><xsl:apply-templates select="." mode="gen:object-uri"><xsl:with-param name="address" select="$address"/><xsl:with-param name="realaddress" select="$realaddress"/><xsl:with-param name="node" select="$node"/></xsl:apply-templates><xsl:text>/</xsl:text>node</xsl:attribute></xsl:element>

    3 will be generated clean
    <xsl:call-template name="gen:newline"/><xsl:element name="xsl:value-of"><xsl:attribute name="select">$node</xsl:attribute></xsl:element>

    4 will be copied clean
    <xsl:value-of select="node"/>
    <xsl:value-of select="$node"/>

    
      5 will be copied
      <xsl:value-of select="node"/>
      
      6 will be generated with path
      <xsl:element name="xsl:value-of"><xsl:attribute name="select"><xsl:apply-templates select="." mode="gen:object-uri"><xsl:with-param name="address" select="$address"/><xsl:with-param name="realaddress" select="$realaddress"/><xsl:with-param name="node" select="$node"/></xsl:apply-templates><xsl:text>/</xsl:text>node</xsl:attribute></xsl:element>

      7 will be generated clean
      <xsl:element name="xsl:value-of"><xsl:attribute name="select">$node</xsl:attribute></xsl:element>

      8 will be copied clean
      <xsl:value-of select="node"/><xsl:value-of select="$node"/>

    <xsl:text>
      9 will be generated
      </xsl:text><xsl:element name="xsl:value-of"><xsl:attribute name="select">/node</xsl:attribute></xsl:element><xsl:text>
      
      10 will be generated with path
      </xsl:text><xsl:element name="xsl:value-of"><xsl:attribute name="select"><xsl:apply-templates select="." mode="gen:object-uri"><xsl:with-param name="address" select="$address"/><xsl:with-param name="realaddress" select="$realaddress"/><xsl:with-param name="node" select="$node"/></xsl:apply-templates><xsl:text>/</xsl:text>node</xsl:attribute></xsl:element><xsl:text>

      11 will be generated clean
      </xsl:text><xsl:element name="xsl:value-of"><xsl:attribute name="select">$node</xsl:attribute></xsl:element><xsl:text>

      12 will be copied clean
      </xsl:text><xsl:value-of select="node"/><xsl:value-of select="$node"/>
    
  </xsl:template>
</xsl:stylesheet>
